Microchip MPLAB XC8 Compiler V1.45 ()

Linker command line:

-W-3 --edf=C:\Program Files (x86)\Microchip\xc8\v1.45\dat\en_msgs.txt -cs \
  -h+dist/default/production\sht30_OLED.X.production.sym \
  --cmf=dist/default/production\sht30_OLED.X.production.cmf -z -Q16F19196 \
  -oC:\Users\chaoliao\AppData\Local\Temp\s6eg.2 \
  -Mdist/default/production/sht30_OLED.X.production.map -E1 -ver=XC8 \
  -ASTACK=02220h-027efh -pstack=STACK -ACODE=00h-07FFhx8 \
  -ASTRCODE=00h-03FFFh -ASTRING=00h-0FFhx64 -ACONST=00h-0FFhx64 \
  -AENTRY=00h-0FFhx64 -ACOMMON=070h-07Fh -ABANK0=020h-06Fh \
  -ABANK1=0A0h-0EFh -ABANK2=0120h-016Fh -ABANK3=01A0h-01EFh \
  -ABANK4=0220h-026Fh -ABANK5=02A0h-02EFh -ABANK6=0320h-036Fh \
  -ABANK7=03A0h-03EFh -ABANK8=0420h-046Fh -ABANK9=04A0h-04EFh \
  -ABANK10=0520h-056Fh -ABANK11=05A0h-05EFh -ABANK12=0620h-066Fh \
  -ABANK13=06A0h-06EFh -ABANK14=0720h-076Fh -ABANK15=07A0h-07EFh \
  -ABANK16=0820h-086Fh -ABANK17=08A0h-08EFh -ABANK18=0920h-096Fh \
  -ABANK19=09A0h-09EFh -ABANK20=0A20h-0A6Fh -ABANK21=0AA0h-0AEFh \
  -ABANK22=0B20h-0B6Fh -ABANK23=0BA0h-0BEFh -ABANK24=0C20h-0C6Fh \
  -ABANK25=0CA0h-0CBFh -ABIGRAM=02000h-027EFh \
  -ARAM=020h-06Fh,0A0h-0EFh,0120h-016Fh,01A0h-01EFh,0220h-026Fh,02A0h-02EFh,0320h-036Fh,03A0h-03EFh,0420h-046Fh,04A0h-04EFh,0520h-056Fh,05A0h-05EFh,0620h-066Fh,06A0h-06EFh,0720h-076Fh,07A0h-07EFh,0820h-086Fh,08A0h-08EFh,0920h-096Fh,09A0h-09EFh,0A20h-0A6Fh,0AA0h-0AEFh,0B20h-0B6Fh,0BA0h-0BEFh,0C20h-0C6Fh,0CA0h-0CBFh \
  -AABS1=020h-07Fh,0A0h-0EFh,0120h-016Fh,01A0h-01EFh,0220h-026Fh,02A0h-02EFh,0320h-036Fh,03A0h-03EFh,0420h-046Fh,04A0h-04EFh,0520h-056Fh,05A0h-05EFh,0620h-066Fh,06A0h-06EFh,0720h-076Fh,07A0h-07EFh,0820h-086Fh,08A0h-08EFh,0920h-096Fh,09A0h-09EFh,0A20h-0A6Fh,0AA0h-0AEFh,0B20h-0B6Fh,0BA0h-0BEFh,0C20h-0C6Fh,0CA0h-0CBFh \
  -ASFR0=00h-01Fh -ASFR1=080h-09Fh -ASFR2=0100h-011Fh -ASFR3=0180h-019Fh \
  -ASFR4=0200h-021Fh -ASFR5=0280h-029Fh -ASFR6=0300h-031Fh \
  -ASFR7=0380h-039Fh -ASFR8=0400h-041Fh -ASFR9=0480h-049Fh \
  -ASFR10=0500h-051Fh -ASFR11=0580h-059Fh -ASFR12=0600h-061Fh \
  -ASFR13=0680h-069Fh -ASFR14=0700h-071Fh -ASFR15=0780h-079Fh \
  -ASFR16=0800h-081Fh -ASFR17=0880h-089Fh -ASFR18=0900h-091Fh \
  -ASFR19=0980h-099Fh -ASFR20=0A00h-0A1Fh -ASFR21=0A80h-0A9Fh \
  -ASFR22=0B00h-0B1Fh -ASFR23=0B80h-0B9Fh -ASFR24=0C00h-0C1Fh \
  -ASFR25=0C80h-0C9Fh -ASFR26=0D00h-0D6Fh -ASFR27=0D80h-0DEFh \
  -ASFR28=0E00h-0E6Fh -ASFR29=0E80h-0EEFh -ASFR30=0F00h-0F6Fh \
  -ASFR31=0F80h-0FEFh -ASFR32=01000h-0106Fh -ASFR33=01080h-010EFh \
  -ASFR34=01100h-0116Fh -ASFR35=01180h-011EFh -ASFR36=01200h-0126Fh \
  -ASFR37=01280h-012EFh -ASFR38=01300h-0136Fh -ASFR39=01380h-013EFh \
  -ASFR40=01400h-0146Fh -ASFR41=01480h-014EFh -ASFR42=01500h-0156Fh \
  -ASFR43=01580h-015EFh -ASFR44=01600h-0166Fh -ASFR45=01680h-016EFh \
  -ASFR46=01700h-0176Fh -ASFR47=01780h-017EFh -ASFR48=01800h-0186Fh \
  -ASFR49=01880h-018EFh -ASFR50=01900h-0196Fh -ASFR51=01980h-019EFh \
  -ASFR52=01A00h-01A6Fh -ASFR53=01A80h-01AEFh -ASFR54=01B00h-01B6Fh \
  -ASFR55=01B80h-01BEFh -ASFR56=01C00h-01C6Fh -ASFR57=01C80h-01CEFh \
  -ASFR58=01D00h-01D6Fh -ASFR59=01D80h-01DEFh -ASFR60=01E00h-01E6Fh \
  -ASFR61=01E80h-01EEFh -ASFR62=01F00h-01F6Fh -ASFR63=01F80h-01FEFh \
  -preset_vec=00h,intentry=04h,init,end_init -ppowerup=CODE -pcinit=CODE \
  -pfunctab=ENTRY -ACONFIG=08007h-0800Bh -pconfig=CONFIG -DCONFIG=2 \
  -AIDLOC=08000h-08003h -pidloc=IDLOC -DIDLOC=2 -AEEDATA=00h-0FFh/0F000h \
  -peeprom_data=EEDATA -DEEDATA=2 -DCODE=2 -DSTRCODE=2 -DSTRING=2 -DCONST=2 \
  -DENTRY=2 -k C:\Users\chaoliao\AppData\Local\Temp\s6eg.obj \
  dist/default/production\sht30_OLED.X.production.obj 

Object code version is 3.11

Machine type is 16F19196



                Name                               Link     Load   Length Selector   Space Scale
C:\Users\chaoliao\AppData\Local\Temp\s6eg.obj
                end_init                             2B       2B        2        8       0
                reset_vec                             0        0        2        0       0
                config                             8007     8007        5    1000E       0
dist/default/production\sht30_OLED.X.production.obj
                cinit                                2D       2D       42        8       0
                intentry                              4        4       27        8       0
                text103                            196A     196A       51     32D4       0
                text102                            21CA     21CA       1F     4394       0
                text101                            2246     2246       20     448C       0
                text100                            2F6E     2F6E        3     5EDC       0
                text99                             2F6C     2F6C        1     5ED8       0
                text98                             2F77     2F77        4     5EEE       0
                text97                             244D     244D       36     489A       0
                text96                             21AC     21AC       1E     4358       0
                text95                             2F6D     2F6D        1     5EDA       0
                text94                             265E     265E       41     4CBC       0
                text92                             2109     2109       1A     4212       0
                text91                             22EF     22EF       26     45DE       0
                text90                             202F     202F       11     405E       0
                text89                             209C     209C       15     4138       0
                text88                             21E9     21E9       1F     43D2       0
                text87                             2208     2208       1F     4410       0
                text86                             20C6     20C6       16     418C       0
                text85                              65F      65F      12A      CBE       0
                text84                             276F     276F       48     4EDE       0
                text83                             2227     2227       1F     444E       0
                text82                             233D     233D       29     467A       0
                text81                             2F7B     2F7B        6     5EF6       0
                text80                             2266     2266       20     44CC       0
                text79                             191C     191C       4E     3238       0
                text78                             2021     2021        E     4042       0
                text77                             2075     2075       13     40EA       0
                text76                             2315     2315       28     462A       0
                text75                             218F     218F       1D     431E       0
                text74                             2F93     2F93        9     5F26       0
                text73                             2F9C     2F9C        9     5F38       0
                text72                             2FA5     2FA5        9     5F4A       0
                text71                             22CA     22CA       25     4594       0
                text70                             2FAE     2FAE        9     5F5C       0
                text69                             2FB7     2FB7        9     5F6E       0
                text68                             2FC0     2FC0        9     5F80       0
                text67                             2FC9     2FC9        9     5F92       0
                text66                             2FD2     2FD2        9     5FA4       0
                text65                             26E2     26E2       46     4DC4       0
                text64                             2016     2016        B     402C       0
                text63                             1B9A     1B9A       7D     3734       0
                text62                             200E     200E        8     401C       0
                text61                             2FDB     2FDB        9     5FB6       0
                text60                             2157     2157       1C     42AE       0
                text59                             2051     2051       12     40A2       0
                text58                             2483     2483       36     4906       0
                text57                             1C9E     1C9E       8D     393C       0
                text56                             2173     2173       1C     42E6       0
                text55                             127B     127B       DA     24F6       0
                text54                             27B7     27B7       49     4F6E       0
                text53                             2390     2390       2B     4720       0
                text52                             2123     2123       1A     4246       0
                text51                             2366     2366       2A     46CC       0
                text50                             261F     261F       3F     4C3E       0
                text49                             2063     2063       12     40C6       0
                text48                             1228     1228       53     2450       0
                text47                             269F     269F       43     4D3E       0
                text46                             23E8     23E8       30     47D0       0
                text45                             24B9     24B9       39     4972       0
                text44                              83D      83D      122     107A       0
                text43                             1ACD     1ACD       65     359A       0
                text42                             1612     1612       F6     2C24       0
                text41                             1D2B     1D2B       A9     3A56       0
                text40                             252C     252C       3C     4A58       0
                text39                             1DD4     1DD4       B4     3BA8       0
                text38                             1C17     1C17       87     382E       0
                text37                             20B1     20B1       15     4162       0
                text36                              D4F      D4F      2B1     1A9E       0
                text35                             1A6A     1A6A       63     34D4       0
                text34                             1F40     1F40       C0     3E80       0
                text33                             2728     2728       47     4E50       0
                text32                             18CF     18CF       4D     319E       0
                text31                             18C0     18C0        F     3180       0
                text30                             24F2     24F2       3A     49E4       0
                text29                             20F2     20F2       17     41E4       0
                text28                                2        2        2        0       0
                text27                             22A6     22A6       24     454C       0
                text26                             1A0D     1A0D       5D     341A       0
                text25                             2040     2040       11     4080       0
                text24                             2568     2568       3C     4AD0       0
                text23                             19BB     19BB       52     3376       0
                text22                             1B32     1B32       68     3664       0
                text21                             2F71     2F71        3     5EE2       0
                text20                             2418     2418       35     4830       0
                text19                             23BB     23BB       2D     4776       0
                text18                             2FF6     2FF6        A     5FEC       0
                text17                             2F81     2F81        6     5F02       0
                text16                             1E88     1E88       B8     3D10       0
                swtext1                            2000     2000        E     4000       0
                text15                             1355     1355       E3     26AA       0
                text14                             25A4     25A4       3D     4B48       0
                text13                              B11      B11      23E     1622       0
                text12                              95F      95F      1B2     12BE       0
                text11                             25E1     25E1       3E     4BC2       0
                text10                              789      789       77      CBE       0
                text9                              213D     213D       1A     427A       0
                text8                              1708     1708       F8     2E10       0
                text7                              2F74     2F74        3     5EE8       0
                text6                              1438     1438       ED     2870       0
                text5                              2286     2286       20     450C       0
                text4                              2FE4     2FE4        9     5FC8       0
                text3                              1525     1525       ED     2A4A       0
                text2                              20DC     20DC       16     41B8       0
                text1                              2088     2088       14     4110       0
                maintext                            800      800       3D      CBE       0
                cstackBANK0                          20       20       4A       20       1
                cstackCOMMON                         70       70        B       70       1
                cstackBANK1                          C6       C6       19       A0       1
                clrtext                            2F87     2F87        6     5F0E       0
                inittext                           2F8D     2F8D        6     5F1A       0
                bssBANK6                            320      320       40      320       1
                bssBANK5                            2A0      2A0       40      2A0       1
                bssBANK4                            220      220       4B      220       1
                bssBANK3                            1A0      1A0       3D      1A0       1
                bssBANK2                            120      120       3E      120       1
                dataBANK1                            DF       DF        9       A0       1
                bssBANK1                             A0       A0       26       A0       1
                bssCOMMON                            7B       7B        3       70       1
                stringtext27                       302B     302B        2     6000       0
                stringtext26                       3029     3029        2     6000       0
                stringtext25                       3024     3024        5     6000       0
                stringtext24                       301E     301E        6     6000       0
                stringtext23                       3017     3017        7     6000       0
                stringtext22                       3010     3010        7     6000       0
                stringtext21                       3008     3008        8     6000       0
                stringtext20                       3000     3000        8     6000       0
                stringtext19                       28FB     28FB        A     5000       0
                stringtext18                       28E6     28E6        B     5000       0
                stringtext17                       28DA     28DA        C     5000       0
                stringtext16                       28CD     28CD        D     5000       0
                stringtext15                       28BF     28BF        E     5000       0
                stringtext14                       28A2     28A2        F     5000       0
                stringtext13                       2893     2893        F     5000       0
                stringtext12                       2872     2872       11     5000       0
                stringtext11                       2860     2860       12     5000       0
                nvBANK2                             15E      15E       10      120       1
                nvBANK1                              E8       E8        5       A0       1
                stringtext10                       2848     2848       18     5000       0
                stringtext9                        2830     2830       18     5000       0
                stringtext8                        2818     2818       18     5000       0
                stringtext7                        2800     2800       18     5000       0
                stringtext6                        28F1     28F1        A     5000       0
                stringtext5                        28B1     28B1        E     5000       0
                stringtext4                        2883     2883       10     5000       0
                stringtext3                        1800     1800       C0     3000       0
                stringtext2                        1000     1000      228     2000       0
                stringtext1                          6F       6F      5F0       DE       0
                idataBANK1                         2FED     2FED        9     5FDA       0

TOTAL           Name                               Link     Load   Length     Space
        CLASS   STACK          

        CLASS   CODE           
                end_init                             2B       2B        2         0
                cinit                                2D       2D       42         0
                intentry                              4        4       27         0
                reset_vec                             0        0        2         0
                text103                            196A     196A       51         0
                text102                            21CA     21CA       1F         0
                text101                            2246     2246       20         0
                text100                            2F6E     2F6E        3         0
                text99                             2F6C     2F6C        1         0
                text98                             2F77     2F77        4         0
                text97                             244D     244D       36         0
                text96                             21AC     21AC       1E         0
                text95                             2F6D     2F6D        1         0
                text94                             265E     265E       41         0
                text92                             2109     2109       1A         0
                text91                             22EF     22EF       26         0
                text90                             202F     202F       11         0
                text89                             209C     209C       15         0
                text88                             21E9     21E9       1F         0
                text87                             2208     2208       1F         0
                text86                             20C6     20C6       16         0
                text85                              65F      65F      12A         0
                text84                             276F     276F       48         0
                text83                             2227     2227       1F         0
                text82                             233D     233D       29         0
                text81                             2F7B     2F7B        6         0
                text80                             2266     2266       20         0
                text79                             191C     191C       4E         0
                text78                             2021     2021        E         0
                text77                             2075     2075       13         0
                text76                             2315     2315       28         0
                text75                             218F     218F       1D         0
                text74                             2F93     2F93        9         0
                text73                             2F9C     2F9C        9         0
                text72                             2FA5     2FA5        9         0
                text71                             22CA     22CA       25         0
                text70                             2FAE     2FAE        9         0
                text69                             2FB7     2FB7        9         0
                text68                             2FC0     2FC0        9         0
                text67                             2FC9     2FC9        9         0
                text66                             2FD2     2FD2        9         0
                text65                             26E2     26E2       46         0
                text64                             2016     2016        B         0
                text63                             1B9A     1B9A       7D         0
                text62                             200E     200E        8         0
                text61                             2FDB     2FDB        9         0
                text60                             2157     2157       1C         0
                text59                             2051     2051       12         0
                text58                             2483     2483       36         0
                text57                             1C9E     1C9E       8D         0
                text56                             2173     2173       1C         0
                text55                             127B     127B       DA         0
                text54                             27B7     27B7       49         0
                text53                             2390     2390       2B         0
                text52                             2123     2123       1A         0
                text51                             2366     2366       2A         0
                text50                             261F     261F       3F         0
                text49                             2063     2063       12         0
                text48                             1228     1228       53         0
                text47                             269F     269F       43         0
                text46                             23E8     23E8       30         0
                text45                             24B9     24B9       39         0
                text44                              83D      83D      122         0
                text43                             1ACD     1ACD       65         0
                text42                             1612     1612       F6         0
                text41                             1D2B     1D2B       A9         0
                text40                             252C     252C       3C         0
                text39                             1DD4     1DD4       B4         0
                text38                             1C17     1C17       87         0
                text37                             20B1     20B1       15         0
                text36                              D4F      D4F      2B1         0
                text35                             1A6A     1A6A       63         0
                text34                             1F40     1F40       C0         0
                text33                             2728     2728       47         0
                text32                             18CF     18CF       4D         0
                text31                             18C0     18C0        F         0
                text30                             24F2     24F2       3A         0
                text29                             20F2     20F2       17         0
                text28                                2        2        2         0
                text27                             22A6     22A6       24         0
                text26                             1A0D     1A0D       5D         0
                text25                             2040     2040       11         0
                text24                             2568     2568       3C         0
                text23                             19BB     19BB       52         0
                text22                             1B32     1B32       68         0
                text21                             2F71     2F71        3         0
                text20                             2418     2418       35         0
                text19                             23BB     23BB       2D         0
                text18                             2FF6     2FF6        A         0
                text17                             2F81     2F81        6         0
                text16                             1E88     1E88       B8         0
                text15                             1355     1355       E3         0
                text14                             25A4     25A4       3D         0
                text13                              B11      B11      23E         0
                text12                              95F      95F      1B2         0
                text11                             25E1     25E1       3E         0
                text10                              789      789       77         0
                text9                              213D     213D       1A         0
                text8                              1708     1708       F8         0
                text7                              2F74     2F74        3         0
                text6                              1438     1438       ED         0
                text5                              2286     2286       20         0
                text4                              2FE4     2FE4        9         0
                text3                              1525     1525       ED         0
                text2                              20DC     20DC       16         0
                text1                              2088     2088       14         0
                maintext                            800      800       3D         0
                clrtext                            2F87     2F87        6         0
                inittext                           2F8D     2F8D        6         0
                idataBANK1                         2FED     2FED        9         0

        CLASS   STRCODE        
                stringtext27                       302B     302B        2         0
                stringtext26                       3029     3029        2         0
                stringtext25                       3024     3024        5         0
                stringtext24                       301E     301E        6         0
                stringtext23                       3017     3017        7         0
                stringtext22                       3010     3010        7         0
                stringtext21                       3008     3008        8         0
                stringtext20                       3000     3000        8         0
                stringtext19                       28FB     28FB        A         0
                stringtext18                       28E6     28E6        B         0
                stringtext17                       28DA     28DA        C         0
                stringtext16                       28CD     28CD        D         0
                stringtext15                       28BF     28BF        E         0
                stringtext14                       28A2     28A2        F         0
                stringtext13                       2893     2893        F         0
                stringtext12                       2872     2872       11         0
                stringtext11                       2860     2860       12         0
                stringtext10                       2848     2848       18         0
                stringtext9                        2830     2830       18         0
                stringtext8                        2818     2818       18         0
                stringtext7                        2800     2800       18         0
                stringtext6                        28F1     28F1        A         0
                stringtext5                        28B1     28B1        E         0
                stringtext4                        2883     2883       10         0
                stringtext3                        1800     1800       C0         0
                stringtext2                        1000     1000      228         0
                stringtext1                          6F       6F      5F0         0

        CLASS   STRING         

        CLASS   CONST          
                swtext1                            2000     2000        E         0

        CLASS   ENTRY          

        CLASS   COMMON         
                cstackCOMMON                         70       70        B         1
                bssCOMMON                            7B       7B        3         1

        CLASS   BANK0          
                cstackBANK0                          20       20       4A         1

        CLASS   BANK1          
                cstackBANK1                          C6       C6       19         1
                dataBANK1                            DF       DF        9         1
                bssBANK1                             A0       A0       26         1
                nvBANK1                              E8       E8        5         1

        CLASS   BANK2          
                bssBANK2                            120      120       3E         1
                nvBANK2                             15E      15E       10         1

        CLASS   BANK3          
                bssBANK3                            1A0      1A0       3D         1

        CLASS   BANK4          
                bssBANK4                            220      220       4B         1

        CLASS   BANK5          
                bssBANK5                            2A0      2A0       40         1

        CLASS   BANK6          
                bssBANK6                            320      320       40         1

        CLASS   BANK7          

        CLASS   BANK8          

        CLASS   BANK9          

        CLASS   BANK10         

        CLASS   BANK11         

        CLASS   BANK12         

        CLASS   BANK13         

        CLASS   BANK14         

        CLASS   BANK15         

        CLASS   BANK16         

        CLASS   BANK17         

        CLASS   BANK18         

        CLASS   BANK19         

        CLASS   BANK20         

        CLASS   BANK21         

        CLASS   BANK22         

        CLASS   BANK23         

        CLASS   BANK24         

        CLASS   BANK25         

        CLASS   BIGRAM         

        CLASS   RAM            

        CLASS   ABS1           
                abs_s1                               7E       7E        2         1

        CLASS   SFR0           

        CLASS   SFR1           

        CLASS   SFR2           

        CLASS   SFR3           

        CLASS   SFR4           

        CLASS   SFR5           

        CLASS   SFR6           

        CLASS   SFR7           

        CLASS   SFR8           

        CLASS   SFR9           

        CLASS   SFR10          

        CLASS   SFR11          

        CLASS   SFR12          

        CLASS   SFR13          

        CLASS   SFR14          

        CLASS   SFR15          

        CLASS   SFR16          

        CLASS   SFR17          

        CLASS   SFR18          

        CLASS   SFR19          

        CLASS   SFR20          

        CLASS   SFR21          

        CLASS   SFR22          

        CLASS   SFR23          

        CLASS   SFR24          

        CLASS   SFR25          

        CLASS   SFR26          

        CLASS   SFR27          

        CLASS   SFR28          

        CLASS   SFR29          

        CLASS   SFR30          

        CLASS   SFR31          

        CLASS   SFR32          

        CLASS   SFR33          

        CLASS   SFR34          

        CLASS   SFR35          

        CLASS   SFR36          

        CLASS   SFR37          

        CLASS   SFR38          

        CLASS   SFR39          

        CLASS   SFR40          

        CLASS   SFR41          

        CLASS   SFR42          

        CLASS   SFR43          

        CLASS   SFR44          

        CLASS   SFR45          

        CLASS   SFR46          

        CLASS   SFR47          

        CLASS   SFR48          

        CLASS   SFR49          

        CLASS   SFR50          

        CLASS   SFR51          

        CLASS   SFR52          

        CLASS   SFR53          

        CLASS   SFR54          

        CLASS   SFR55          

        CLASS   SFR56          

        CLASS   SFR57          

        CLASS   SFR58          

        CLASS   SFR59          

        CLASS   SFR60          

        CLASS   SFR61          

        CLASS   SFR62          

        CLASS   SFR63          

        CLASS   CONFIG         
                config                             8007     8007        5         0

        CLASS   IDLOC          

        CLASS   EEDATA         

        CLASS   BANK63         

        CLASS   BANK62         

        CLASS   BANK61         

        CLASS   BANK60         

        CLASS   BANK59         

        CLASS   BANK58         

        CLASS   BANK57         

        CLASS   BANK56         

        CLASS   BANK55         

        CLASS   BANK54         

        CLASS   BANK53         

        CLASS   BANK52         

        CLASS   BANK51         

        CLASS   BANK50         

        CLASS   BANK49         

        CLASS   BANK48         

        CLASS   BANK47         

        CLASS   BANK46         

        CLASS   BANK45         

        CLASS   BANK44         

        CLASS   BANK43         

        CLASS   BANK42         

        CLASS   BANK41         

        CLASS   BANK40         

        CLASS   BANK39         

        CLASS   BANK38         

        CLASS   BANK37         

        CLASS   BANK36         

        CLASS   BANK35         

        CLASS   BANK34         

        CLASS   BANK33         

        CLASS   BANK32         

        CLASS   BANK31         

        CLASS   BANK30         

        CLASS   BANK29         

        CLASS   BANK28         

        CLASS   BANK27         

        CLASS   BANK26         



SEGMENTS        Name                           Load    Length   Top    Selector   Space  Class     Delta

                reset_vec                      000000  000004  000004         0       0  CODE        2
                intentry                       000004  00006B  00006F         8       0  CODE        2
                cstackBANK0                    000020  00004A  00006A        20       1  BANK0       1
                cstackCOMMON                   000070  00000E  00007E        70       1  COMMON      1
                bssBANK1                       0000A0  00004D  0000ED        A0       1  BANK1       1
                stringtext1                    00006F  0005F0  00065F        DE       0  STRCODE     2
                bssBANK2                       000120  00004E  00016E       120       1  BANK2       1
                bssBANK3                       0001A0  00003D  0001DD       1A0       1  BANK3       1
                bssBANK4                       000220  00004B  00026B       220       1  BANK4       1
                bssBANK5                       0002A0  000040  0002E0       2A0       1  BANK5       1
                bssBANK6                       000320  000040  000360       320       1  BANK6       1
                text85                         00065F  0001DE  00083D       CBE       0  CODE        2
                text44                         00083D  000122  00095F      107A       0  CODE        2
                text12                         00095F  0001B2  000B11      12BE       0  CODE        2
                text13                         000B11  00023E  000D4F      1622       0  CODE        2
                text36                         000D4F  0002B1  001000      1A9E       0  CODE        2
                stringtext2                    001000  000228  001228      2000       0  STRCODE     2
                text48                         001228  000053  00127B      2450       0  CODE        2
                text55                         00127B  0000DA  001355      24F6       0  CODE        2
                text15                         001355  0000E3  001438      26AA       0  CODE        2
                text6                          001438  0000ED  001525      2870       0  CODE        2
                text3                          001525  0000ED  001612      2A4A       0  CODE        2
                text42                         001612  0000F6  001708      2C24       0  CODE        2
                text8                          001708  0000F8  001800      2E10       0  CODE        2
                stringtext3                    001800  0000C0  0018C0      3000       0  STRCODE     2
                text31                         0018C0  00000F  0018CF      3180       0  CODE        2
                text32                         0018CF  00004D  00191C      319E       0  CODE        2
                text79                         00191C  00004E  00196A      3238       0  CODE        2
                text103                        00196A  000051  0019BB      32D4       0  CODE        2
                text23                         0019BB  000052  001A0D      3376       0  CODE        2
                text26                         001A0D  00005D  001A6A      341A       0  CODE        2
                text35                         001A6A  000063  001ACD      34D4       0  CODE        2
                text43                         001ACD  000065  001B32      359A       0  CODE        2
                text22                         001B32  000068  001B9A      3664       0  CODE        2
                text63                         001B9A  00007D  001C17      3734       0  CODE        2
                text38                         001C17  000087  001C9E      382E       0  CODE        2
                text57                         001C9E  00008D  001D2B      393C       0  CODE        2
                text41                         001D2B  0000A9  001DD4      3A56       0  CODE        2
                text39                         001DD4  0000B4  001E88      3BA8       0  CODE        2
                text16                         001E88  0000B8  001F40      3D10       0  CODE        2
                text34                         001F40  0000C0  002000      3E80       0  CODE        2
                swtext1                        002000  00000E  00200E      4000       0  CONST       2
                text62                         00200E  000008  002016      401C       0  CODE        2
                text64                         002016  00000B  002021      402C       0  CODE        2
                text78                         002021  00000E  00202F      4042       0  CODE        2
                text90                         00202F  000011  002040      405E       0  CODE        2
                text25                         002040  000011  002051      4080       0  CODE        2
                text59                         002051  000012  002063      40A2       0  CODE        2
                text49                         002063  000012  002075      40C6       0  CODE        2
                text77                         002075  000013  002088      40EA       0  CODE        2
                text1                          002088  000014  00209C      4110       0  CODE        2
                text89                         00209C  000015  0020B1      4138       0  CODE        2
                text37                         0020B1  000015  0020C6      4162       0  CODE        2
                text86                         0020C6  000016  0020DC      418C       0  CODE        2
                text2                          0020DC  000016  0020F2      41B8       0  CODE        2
                text29                         0020F2  000017  002109      41E4       0  CODE        2
                text92                         002109  00001A  002123      4212       0  CODE        2
                text52                         002123  00001A  00213D      4246       0  CODE        2
                text9                          00213D  00001A  002157      427A       0  CODE        2
                text60                         002157  00001C  002173      42AE       0  CODE        2
                text56                         002173  00001C  00218F      42E6       0  CODE        2
                text75                         00218F  00001D  0021AC      431E       0  CODE        2
                text96                         0021AC  00001E  0021CA      4358       0  CODE        2
                text102                        0021CA  00001F  0021E9      4394       0  CODE        2
                text88                         0021E9  00001F  002208      43D2       0  CODE        2
                text87                         002208  00001F  002227      4410       0  CODE        2
                text83                         002227  00001F  002246      444E       0  CODE        2
                text101                        002246  000020  002266      448C       0  CODE        2
                text80                         002266  000020  002286      44CC       0  CODE        2
                text5                          002286  000020  0022A6      450C       0  CODE        2
                text27                         0022A6  000024  0022CA      454C       0  CODE        2
                text71                         0022CA  000025  0022EF      4594       0  CODE        2
                text91                         0022EF  000026  002315      45DE       0  CODE        2
                text76                         002315  000028  00233D      462A       0  CODE        2
                text82                         00233D  000029  002366      467A       0  CODE        2
                text51                         002366  00002A  002390      46CC       0  CODE        2
                text53                         002390  00002B  0023BB      4720       0  CODE        2
                text19                         0023BB  00002D  0023E8      4776       0  CODE        2
                text46                         0023E8  000030  002418      47D0       0  CODE        2
                text20                         002418  000035  00244D      4830       0  CODE        2
                text97                         00244D  000036  002483      489A       0  CODE        2
                text58                         002483  000036  0024B9      4906       0  CODE        2
                text45                         0024B9  000039  0024F2      4972       0  CODE        2
                text30                         0024F2  00003A  00252C      49E4       0  CODE        2
                text40                         00252C  00003C  002568      4A58       0  CODE        2
                text24                         002568  00003C  0025A4      4AD0       0  CODE        2
                text14                         0025A4  00003D  0025E1      4B48       0  CODE        2
                text11                         0025E1  00003E  00261F      4BC2       0  CODE        2
                text50                         00261F  00003F  00265E      4C3E       0  CODE        2
                text94                         00265E  000041  00269F      4CBC       0  CODE        2
                text47                         00269F  000043  0026E2      4D3E       0  CODE        2
                text65                         0026E2  000046  002728      4DC4       0  CODE        2
                text33                         002728  000047  00276F      4E50       0  CODE        2
                text84                         00276F  000048  0027B7      4EDE       0  CODE        2
                text54                         0027B7  000049  002800      4F6E       0  CODE        2
                stringtext7                    002800  000105  002905      5000       0  STRCODE     2
                text99                         002F6C  000001  002F6D      5ED8       0  CODE        2
                text95                         002F6D  000001  002F6E      5EDA       0  CODE        2
                text100                        002F6E  000003  002F71      5EDC       0  CODE        2
                text21                         002F71  000003  002F74      5EE2       0  CODE        2
                text7                          002F74  000003  002F77      5EE8       0  CODE        2
                text98                         002F77  000004  002F7B      5EEE       0  CODE        2
                text81                         002F7B  000006  002F81      5EF6       0  CODE        2
                text17                         002F81  000006  002F87      5F02       0  CODE        2
                clrtext                        002F87  000006  002F8D      5F0E       0  CODE        2
                inittext                       002F8D  000006  002F93      5F1A       0  CODE        2
                text74                         002F93  000009  002F9C      5F26       0  CODE        2
                text73                         002F9C  000009  002FA5      5F38       0  CODE        2
                text72                         002FA5  000009  002FAE      5F4A       0  CODE        2
                text70                         002FAE  000009  002FB7      5F5C       0  CODE        2
                text69                         002FB7  000009  002FC0      5F6E       0  CODE        2
                text68                         002FC0  000009  002FC9      5F80       0  CODE        2
                text67                         002FC9  000009  002FD2      5F92       0  CODE        2
                text66                         002FD2  000009  002FDB      5FA4       0  CODE        2
                text61                         002FDB  000009  002FE4      5FB6       0  CODE        2
                text4                          002FE4  000009  002FED      5FC8       0  CODE        2
                idataBANK1                     002FED  000009  002FF6      5FDA       0  CODE        2
                text18                         002FF6  00000A  003000      5FEC       0  CODE        2
                stringtext20                   003000  00002D  00302D      6000       0  STRCODE     2
                config                         008007  000005  00800C     1000E       0  CONFIG      2


UNUSED ADDRESS RANGES

        Name                Unused          Largest block    Delta
        BANK0            0006A-0006F               6           1
        BANK1            000ED-000EF               3           1
        BANK10           00520-0056F              50           1
        BANK11           005A0-005EF              50           1
        BANK12           00620-0066F              50           1
        BANK13           006A0-006EF              50           1
        BANK14           00720-0076F              50           1
        BANK15           007A0-007EF              50           1
        BANK16           00820-0086F              50           1
        BANK17           008A0-008EF              50           1
        BANK18           00920-0096F              50           1
        BANK19           009A0-009EF              50           1
        BANK2            0016E-0016F               2           1
        BANK20           00A20-00A6F              50           1
        BANK21           00AA0-00AEF              50           1
        BANK22           00B20-00B6F              50           1
        BANK23           00BA0-00BEF              50           1
        BANK24           00C20-00C6F              50           1
        BANK25           00CA0-00CBF              20           1
        BANK3            001DD-001EF              13           1
        BANK4            0026B-0026F               5           1
        BANK5            002E0-002EF              10           1
        BANK6            00360-0036F              10           1
        BANK7            003A0-003EF              50           1
        BANK8            00420-0046F              50           1
        BANK9            004A0-004EF              50           1
        BIGRAM           02000-027EF             7F0           1
        CODE             02905-02F6B             667           2
                         0302D-03FFF             7D3
        CONST            02905-02F6B             100           2
                         0302D-03FFF             100
        EEDATA           0F000-0F0FF             100           2
        ENTRY            02905-02F6B             100           2
                         0302D-03FFF             100
        IDLOC            08000-08003               4           2
        RAM              0006A-0006F               6           1
                         000ED-000EF               3
                         0016E-0016F               2
                         001DD-001EF              13
                         0026B-0026F               5
                         002E0-002EF              10
                         00360-0036F              10
                         003A0-003EF              50
                         00420-0046F              50
                         004A0-004EF              50
                         00520-0056F              50
                         005A0-005EF              50
                         00620-0066F              50
                         006A0-006EF              50
                         00720-0076F              50
                         007A0-007EF              50
                         00820-0086F              50
                         008A0-008EF              50
                         00920-0096F              50
                         009A0-009EF              50
                         00A20-00A6F              50
                         00AA0-00AEF              50
                         00B20-00B6F              50
                         00BA0-00BEF              50
                         00C20-00C6F              50
                         00CA0-00CBF              20
        SFR0             00000-0001F              20           1
        SFR1             00080-0009F              20           1
        SFR10            00500-0051F              20           1
        SFR11            00580-0059F              20           1
        SFR12            00600-0061F              20           1
        SFR13            00680-0069F              20           1
        SFR14            00700-0071F              20           1
        SFR15            00780-0079F              20           1
        SFR16            00800-0081F              20           1
        SFR17            00880-0089F              20           1
        SFR18            00900-0091F              20           1
        SFR19            00980-0099F              20           1
        SFR2             00100-0011F              20           1
        SFR20            00A00-00A1F              20           1
        SFR21            00A80-00A9F              20           1
        SFR22            00B00-00B1F              20           1
        SFR23            00B80-00B9F              20           1
        SFR24            00C00-00C1F              20           1
        SFR25            00C80-00C9F              20           1
        SFR26            00D00-00D6F              70           1
        SFR27            00D80-00DEF              70           1
        SFR28            00E00-00E6F              70           1
        SFR29            00E80-00EEF              70           1
        SFR3             00180-0019F              20           1
        SFR30            00F00-00F6F              70           1
        SFR31            00F80-00FEF              70           1
        SFR32            01000-0106F              70           1
        SFR33            01080-010EF              70           1
        SFR34            01100-0116F              70           1
        SFR35            01180-011EF              70           1
        SFR36            01200-0126F              70           1
        SFR37            01280-012EF              70           1
        SFR38            01300-0136F              70           1
        SFR39            01380-013EF              70           1
        SFR4             00200-0021F              20           1
        SFR40            01400-0146F              70           1
        SFR41            01480-014EF              70           1
        SFR42            01500-0156F              70           1
        SFR43            01580-015EF              70           1
        SFR44            01600-0166F              70           1
        SFR45            01680-016EF              70           1
        SFR46            01700-0176F              70           1
        SFR47            01780-017EF              70           1
        SFR48            01800-0186F              70           1
        SFR49            01880-018EF              70           1
        SFR5             00280-0029F              20           1
        SFR50            01900-0196F              70           1
        SFR51            01980-019EF              70           1
        SFR52            01A00-01A6F              70           1
        SFR53            01A80-01AEF              70           1
        SFR54            01B00-01B6F              70           1
        SFR55            01B80-01BEF              70           1
        SFR56            01C00-01C6F              70           1
        SFR57            01C80-01CEF              70           1
        SFR58            01D00-01D6F              70           1
        SFR59            01D80-01DEF              70           1
        SFR6             00300-0031F              20           1
        SFR60            01E00-01E6F              70           1
        SFR61            01E80-01EEF              70           1
        SFR62            01F00-01F6F              70           1
        SFR63            01F80-01FEF              70           1
        SFR7             00380-0039F              20           1
        SFR8             00400-0041F              20           1
        SFR9             00480-0049F              20           1
        STACK            02220-027EF             5D0           1
        STRCODE          02905-02F6B             667           2
                         0302D-03FFF             FD3
        STRING           02905-02F6B             100           2
                         0302D-03FFF             100

                                  Symbol Table

?___awdiv                                       cstackBANK0  00025
?___ftadd                                       cstackBANK0  00051
?___ftdiv                                       cstackBANK0  00041
?___ftmul                                       cstackBANK0  00031
?___ftpack                                      cstackBANK0  00025
?___fttol                                       cstackBANK0  00041
?___lldiv                                       cstackBANK0  0003E
?___llmod                                       cstackBANK0  0004C
?___lmul                                        cstackBANK0  00025
?___lwdiv                                       cstackBANK0  00025
?___lwmod                                       cstackBANK0  0002D
?___lwtoft                                      cstackBANK0  0002D
?___wmul                                        cstackBANK0  00025
?_byte_to_int                                   cstackBANK0  00025
?_mcu_get_dp_download_value                     cstackBANK0  00032
?_my_strlen                                     cstackBANK0  00025
?_oled_pow                                      cstackBANK0  00031
?_printf                                        cstackBANK0  00033
?_set_wifi_uart_buffer                          cstackBANK0  00038
?_set_wifi_uart_byte                            cstackBANK0  00025
EUSART1_SetErrorHandler@interruptHandler        cstackBANK0  00025
EUSART1_SetFramingErrorHandler@interruptHandler cstackBANK0  00025
EUSART1_SetOverrunErrorHandler@interruptHandler cstackBANK0  00025
EUSART1_Write@txData                            cstackBANK0  00025
EUSART2_SetErrorHandler@interruptHandler        cstackBANK0  00025
EUSART2_SetFramingErrorHandler@interruptHandler cstackBANK0  00025
EUSART2_SetOverrunErrorHandler@interruptHandler cstackBANK0  00025
EUSART2_SetRxInterruptHandler@interruptHandler  cstackBANK0  00025
EUSART2_SetTxInterruptHandler@interruptHandler  cstackBANK0  00025
EUSART2_Write@txData                            cstackBANK0  00026
IIC_RcvByte@BitCnt                              cstackBANK0  00026
IIC_RcvByte@retc                                cstackBANK0  00027
IIC_SendByte@BitCnt                             cstackBANK0  00027
IIC_SendByte@byte                               cstackBANK0  00026
IIC_wait_ACK@t                                  cstackBANK0  00026
OLED_Clear@i                                    cstackBANK0  00032
OLED_Clear@n                                    cstackBANK0  00031
OLED_Clear_ONE_ROW@i                            cstackBANK0  00031
OLED_Clear_ONE_ROW@n                            cstackBANK0  00032
OLED_DrawBMP@BMP                                cstackBANK0  00037
OLED_DrawBMP@j                                  cstackBANK0  0003C
OLED_DrawBMP@x                                  cstackBANK0  0003E
OLED_DrawBMP@x0                                 cstackBANK0  0003F
OLED_DrawBMP@x1                                 cstackBANK0  00035
OLED_DrawBMP@y                                  cstackBANK0  00040
OLED_DrawBMP@y0                                 cstackBANK0  00034
OLED_DrawBMP@y1                                 cstackBANK0  00036
OLED_SetPos@x                                   cstackBANK0  00033
OLED_SetPos@y                                   cstackBANK0  00030
OLED_ShowCHinese@adder                          cstackBANK0  00040
OLED_ShowCHinese@no                             cstackBANK0  00035
OLED_ShowCHinese@t                              cstackBANK0  00042
OLED_ShowCHinese@x                              cstackBANK0  00041
OLED_ShowCHinese@y                              cstackBANK0  00034
OLED_ShowChar@TextSize                          cstackBANK0  00036
OLED_ShowChar@c                                 cstackBANK0  00041
OLED_ShowChar@ch                                cstackBANK0  00035
OLED_ShowChar@i                                 cstackBANK0  00043
OLED_ShowChar@x                                 cstackBANK0  00042
OLED_ShowChar@y                                 cstackBANK0  00034
OLED_ShowNum@TextSize                           cstackBANK0  0005A
OLED_ShowNum@enshow                             cstackBANK0  0005F
OLED_ShowNum@i                                  cstackBANK0  00060
OLED_ShowNum@len                                cstackBANK0  00059
OLED_ShowNum@num                                cstackBANK0  00057
OLED_ShowNum@t                                  cstackBANK0  00063
OLED_ShowNum@temp                               cstackBANK0  00061
OLED_ShowNum@x                                  cstackBANK0  00062
OLED_ShowNum@y                                  cstackBANK0  00056
OLED_ShowStr@TextSize                           cstackBANK0  00047
OLED_ShowStr@ch                                 cstackBANK0  00045
OLED_ShowStr@j                                  cstackBANK0  0004D
OLED_ShowStr@x                                  cstackBANK0  0004E
OLED_ShowStr@y                                  cstackBANK0  00044
OLED_WR_Byte@cmd                                cstackBANK0  0002D
OLED_WR_Byte@dat                                cstackBANK0  0002B
SHT30_read_result@Humidity                      cstackBANK1  000DA
SHT30_read_result@Temperature                   cstackBANK1  000D7
SHT30_read_result@addr                          cstackBANK1  000D6
SHT30_read_result@buff                          cstackBANK1  000CA
SHT30_read_result@hum                           cstackBANK1  000C8
SHT30_read_result@tem                           cstackBANK1  000C6
TMR0_SetInterruptHandler@InterruptHandler       cstackBANK0  00025
WriteCmd@addr                                   cstackBANK0  00028
WriteCmd@command                                cstackBANK0  00029
WriteDat@Data                                   cstackBANK0  00029
WriteDat@addr                                   cstackBANK0  00028
_ACTCON                                         (abs)        00894
_ANSELA                                         (abs)        01F38
_ANSELB                                         (abs)        01F43
_ANSELC                                         (abs)        01F4E
_ANSELD                                         (abs)        01F59
_ANSELE                                         (abs)        01F64
_ANSELF                                         (abs)        01E50
_ANSELG                                         (abs)        01E5B
_BAUD1CON                                       (abs)        0011F
_BAUD2CON                                       (abs)        00A1F
_Charge_Flag                                    bssBANK1     000B7
_Connect_Flag                                   bssBANK1     000BE
_EUSART1_DefaultErrorHandler                    (abs)        00000
_EUSART1_DefaultFramingErrorHandler             (abs)        00000
_EUSART1_DefaultOverrunErrorHandler             (abs)        00000
_EUSART1_ErrorHandler                           nvBANK2      0015E
_EUSART1_FramingErrorHandler                    nvBANK2      00162
_EUSART1_Initialize                             text71       022CA
_EUSART1_OverrunErrorHandler                    nvBANK2      00160
_EUSART1_SetErrorHandler                        text74       02F93
_EUSART1_SetFramingErrorHandler                 text73       02F9C
_EUSART1_SetOverrunErrorHandler                 text72       02FA5
_EUSART1_Write                                  text18       02FF6
_EUSART2_DefaultErrorHandler                    text100      02F6E
_EUSART2_DefaultFramingErrorHandler             text99       02F6C
_EUSART2_DefaultOverrunErrorHandler             text98       02F77
_EUSART2_ErrorHandler                           nvBANK2      00164
_EUSART2_FramingErrorHandler                    nvBANK2      00168
_EUSART2_Initialize                             text65       026E2
_EUSART2_OverrunErrorHandler                    nvBANK2      00166
_EUSART2_Receive_ISR                            text97       0244D
_EUSART2_RxDataHandler                          text101      02246
_EUSART2_RxDefaultInterruptHandler              nvBANK2      0016A
_EUSART2_SetErrorHandler                        text70       02FAE
_EUSART2_SetFramingErrorHandler                 text69       02FB7
_EUSART2_SetOverrunErrorHandler                 text68       02FC0
_EUSART2_SetRxInterruptHandler                  text67       02FC9
_EUSART2_SetTxInterruptHandler                  text66       02FD2
_EUSART2_Transmit_ISR                           text96       021AC
_EUSART2_TxDefaultInterruptHandler              nvBANK2      0016C
_EUSART2_Write                                  text82       0233D
_F6x8                                           stringtext2  01000
_F8X16                                          stringtext1  0006F
_Hzk                                            stringtext3  01800
_IIC_ACK                                        text92       02109
_IIC_NACK                                       text52       02123
_IIC_RcvByte                                    text51       02366
_IIC_SendByte                                   text91       022EF
_IIC_Start                                      text90       0202F
_IIC_Stop                                       text89       0209C
_IIC_wait_ACK                                   text50       0261F
_INLVLA                                         (abs)        01F3C
_INLVLB                                         (abs)        01F47
_INLVLC                                         (abs)        01F52
_INLVLD                                         (abs)        01F5D
_INLVLE                                         (abs)        01F68
_INLVLF                                         (abs)        01E54
_INLVLG                                         (abs)        01E5F
_INLVLH                                         (abs)        01E6A
_INTCONbits                                     (abs)        0000B
_INTERRUPT_InterruptManager                     intentry     00004
_LATA                                           (abs)        00018
_LATB                                           (abs)        00019
_LATC                                           (abs)        0001A
_LATCbits                                       (abs)        0001A
_LATD                                           (abs)        0001B
_LATE                                           (abs)        0001C
_LATEbits                                       (abs)        0001C
_LATF                                           (abs)        0001D
_LATG                                           (abs)        00C90
_LATH                                           (abs)        00C91
_Menu_Loge                                      text53       02390
_ODCONA                                         (abs)        01F3A
_ODCONB                                         (abs)        01F45
_ODCONC                                         (abs)        01F50
_ODCOND                                         (abs)        01F5B
_ODCONE                                         (abs)        01F66
_ODCONF                                         (abs)        01E52
_ODCONG                                         (abs)        01E5D
_ODCONH                                         (abs)        01E68
_OLED_Clear                                     text84       0276F
_OLED_Clear_ONE_ROW                             text24       02568
_OLED_DrawBMP                                   text22       01B32
_OLED_Init                                      text85       0065F
_OLED_SetPos                                    text58       02483
_OLED_ShowCHinese                               text57       01C9E
_OLED_ShowChar                                  text55       0127B
_OLED_ShowNum                                   text44       0083D
_OLED_ShowStr                                   text54       027B7
_OLED_WR_Byte                                   text86       020C6
_OSCCON1                                        (abs)        0088D
_OSCCON3                                        (abs)        0088F
_OSCEN                                          (abs)        00891
_OSCFRQ                                         (abs)        00893
_OSCILLATOR_Initialize                          text64       02016
_OSCSTAT                                        (abs)        00890
_OSCTUNE                                        (abs)        00892
_PIE0bits                                       (abs)        00716
_PIE3bits                                       (abs)        00719
_PIN_MANAGER_Initialize                         text63       01B9A
_PIR0bits                                       (abs)        0070C
_PIR3bits                                       (abs)        0070F
_PMD0                                           (abs)        00796
_PMD1                                           (abs)        00797
_PMD2                                           (abs)        00798
_PMD3                                           (abs)        00799
_PMD4                                           (abs)        0079A
_PMD5                                           (abs)        0079B
_PMD_Initialize                                 text62       0200E
_PORTCbits                                      (abs)        0000E
_RC1REG                                         (abs)        00119
_RC1STA                                         (abs)        0011D
_RC1STAbits                                     (abs)        0011D
_RC2REG                                         (abs)        00A19
_RC2STA                                         (abs)        00A1D
_RC2STAbits                                     (abs)        00A1D
_RC7PPS                                         (abs)        01F27
_RG2PPS                                         (abs)        01E42
_RX2PPS                                         (abs)        01ECD
_Reset_WIFI_SSID                                text75       0218F
_SHT30_read_result                              text36       00D4F
_SLRCONA                                        (abs)        01F3B
_SLRCONB                                        (abs)        01F46
_SLRCONC                                        (abs)        01F51
_SLRCOND                                        (abs)        01F5C
_SLRCONE                                        (abs)        01F67
_SLRCONF                                        (abs)        01E53
_SLRCONG                                        (abs)        01E5E
_SLRCONH                                        (abs)        01E69
_SP1BRGH                                        (abs)        0011C
_SP1BRGL                                        (abs)        0011B
_SP2BRGH                                        (abs)        00A1C
_SP2BRGL                                        (abs)        00A1B
_SYSTEM_Initialize                              text59       02051
_Set_sample_Value                               dataBANK1    000DF
_Show_Temp_Hum                                  text2        020DC
_T0CON0                                         (abs)        0059E
_T0CON0bits                                     (abs)        0059E
_T0CON1                                         (abs)        0059F
_TMR0H                                          (abs)        0059D
_TMR0L                                          (abs)        0059C
_TMR0_DefaultInterruptHandler                   text95       02F6D
_TMR0_ISR                                       text94       0265E
_TMR0_Initialize                                text60       02157
_TMR0_InterruptHandler                          nvBANK1      000E8
_TMR0_SetInterruptHandler                       text61       02FDB
_TRISA                                          (abs)        00012
_TRISB                                          (abs)        00013
_TRISC                                          (abs)        00014
_TRISCbits                                      (abs)        00014
_TRISD                                          (abs)        00015
_TRISE                                          (abs)        00016
_TRISF                                          (abs)        00017
_TRISG                                          (abs)        00C8E
_TRISH                                          (abs)        00C8F
_TX1REG                                         (abs)        0011A
_TX1STA                                         (abs)        0011E
_TX1STAbits                                     (abs)        0011E
_TX2REG                                         (abs)        00A1A
_TX2STA                                         (abs)        00A1E
_TX2STAbits                                     (abs)        00A1E
_UI1                                            stringtext10 02848
_UI2                                            stringtext9  02830
_UI3                                            stringtext8  02818
_UI4                                            stringtext7  02800
_WPUA                                           (abs)        01F39
_WPUB                                           (abs)        01F44
_WPUC                                           (abs)        01F4F
_WPUD                                           (abs)        01F5A
_WPUE                                           (abs)        01F65
_WPUF                                           (abs)        01E51
_WPUG                                           (abs)        01E5C
_WPUH                                           (abs)        01E67
_WriteCmd                                       text88       021E9
_WriteDat                                       text87       02208
__CFG_BBEN$OFF                                  (abs)        00000
__CFG_BBSIZE$512                                (abs)        00000
__CFG_BOREN$ON                                  (abs)        00000
__CFG_BORV$LO                                   (abs)        00000
__CFG_CLKOUTEN$OFF                              (abs)        00000
__CFG_CP$OFF                                    (abs)        00000
__CFG_CSWEN$ON                                  (abs)        00000
__CFG_FCMEN$ON                                  (abs)        00000
__CFG_FEXTOSC$OFF                               (abs)        00000
__CFG_LCDPEN$ON                                 (abs)        00000
__CFG_LPBOREN$OFF                               (abs)        00000
__CFG_LVP$OFF                                   (abs)        00000
__CFG_MCLRE$ON                                  (abs)        00000
__CFG_PPS1WAY$ON                                (abs)        00000
__CFG_PWRTE$OFF                                 (abs)        00000
__CFG_RSTOSC$HFINT1                             (abs)        00000
__CFG_SAFEN$OFF                                 (abs)        00000
__CFG_STVREN$ON                                 (abs)        00000
__CFG_VBATEN$OFF                                (abs)        00000
__CFG_WDTCCS$SC                                 (abs)        00000
__CFG_WDTCPS$WDTCPS_31                          (abs)        00000
__CFG_WDTCWS$WDTCWS_7                           (abs)        00000
__CFG_WDTE$OFF                                  (abs)        00000
__CFG_WRTAPP$OFF                                (abs)        00000
__CFG_WRTB$OFF                                  (abs)        00000
__CFG_WRTC$OFF                                  (abs)        00000
__CFG_WRTD$OFF                                  (abs)        00000
__CFG_WRTSAF$OFF                                (abs)        00000
__CFG_ZCD$OFF                                   (abs)        00000
__Habs1                                         abs1         00000
__Hbank0                                        bank0        00000
__Hbank1                                        bank1        00000
__Hbank10                                       bank10       00000
__Hbank11                                       bank11       00000
__Hbank12                                       bank12       00000
__Hbank13                                       bank13       00000
__Hbank14                                       bank14       00000
__Hbank15                                       bank15       00000
__Hbank16                                       bank16       00000
__Hbank17                                       bank17       00000
__Hbank18                                       bank18       00000
__Hbank19                                       bank19       00000
__Hbank2                                        bank2        00000
__Hbank20                                       bank20       00000
__Hbank21                                       bank21       00000
__Hbank22                                       bank22       00000
__Hbank23                                       bank23       00000
__Hbank24                                       bank24       00000
__Hbank25                                       bank25       00000
__Hbank26                                       bank26       00000
__Hbank27                                       bank27       00000
__Hbank28                                       bank28       00000
__Hbank29                                       bank29       00000
__Hbank3                                        bank3        00000
__Hbank30                                       bank30       00000
__Hbank31                                       bank31       00000
__Hbank32                                       bank32       00000
__Hbank33                                       bank33       00000
__Hbank34                                       bank34       00000
__Hbank35                                       bank35       00000
__Hbank36                                       bank36       00000
__Hbank37                                       bank37       00000
__Hbank38                                       bank38       00000
__Hbank39                                       bank39       00000
__Hbank4                                        bank4        00000
__Hbank40                                       bank40       00000
__Hbank41                                       bank41       00000
__Hbank42                                       bank42       00000
__Hbank43                                       bank43       00000
__Hbank44                                       bank44       00000
__Hbank45                                       bank45       00000
__Hbank46                                       bank46       00000
__Hbank47                                       bank47       00000
__Hbank48                                       bank48       00000
__Hbank49                                       bank49       00000
__Hbank5                                        bank5        00000
__Hbank50                                       bank50       00000
__Hbank51                                       bank51       00000
__Hbank52                                       bank52       00000
__Hbank53                                       bank53       00000
__Hbank54                                       bank54       00000
__Hbank55                                       bank55       00000
__Hbank56                                       bank56       00000
__Hbank57                                       bank57       00000
__Hbank58                                       bank58       00000
__Hbank59                                       bank59       00000
__Hbank6                                        bank6        00000
__Hbank60                                       bank60       00000
__Hbank61                                       bank61       00000
__Hbank62                                       bank62       00000
__Hbank63                                       bank63       00000
__Hbank7                                        bank7        00000
__Hbank8                                        bank8        00000
__Hbank9                                        bank9        00000
__Hbigram                                       bigram       00000
__HbssBANK1                                     bssBANK1     00000
[...]
      Params:         0       0       0       0       0       0       0       0       0       0       0       0       0       0       0       0       0       0       0       0       0       0       0       0       0       0       0
      Locals:         0       0       0       0       0       0       0       0       0       0       0       0       0       0       0       0       0       0       0       0       0       0       0       0       0       0       0
      Temps:          0       0       0       0       0       0       0       0       0       0       0       0       0       0       0       0       0       0       0       0       0       0       0       0       0       0       0
      Totals:         0       0       0       0       0       0       0       0       0       0       0       0       0       0       0       0       0       0       0       0       0       0       0       0       0       0       0
Total ram usage:        0 bytes
 Hardware stack levels used:    1
 This function calls:
		Nothing
 This function is called by:
		_EUSART2_Initialize
		_EUSART2_Receive_ISR
 This function uses a non-reentrant model


 *************** function _EUSART2_DefaultFramingErrorHandler *****************
 Defined at:
		line 252 in file "mcc_generated_files/eusart2.c"
 Parameters:    Size  Location     Type
		None
 Auto vars:     Size  Location     Type
		None
 Return value:  Size  Location     Type
                  1    wreg      void 
 Registers used:
		None
 Tracked objects:
		On entry : 
		On exit  : 
		Unchanged: 
 Data sizes:     COMMON   BANK0   BANK1   BANK2   BANK3   BANK4   BANK5   BANK6   BANK7   BANK8   BANK9  BANK10  BANK11  BANK12  BANK13  BANK14  BANK15  BANK16  BANK17  BANK18  BANK19  BANK20  BANK21  BANK22  BANK23  BANK24  BANK25
      Params:         0       0       0       0       0       0       0       0       0       0       0       0       0       0       0       0       0       0       0       0       0       0       0       0       0       0       0
      Locals:         0       0       0       0       0       0       0       0       0       0       0       0       0       0       0       0       0       0       0       0       0       0       0       0       0       0       0
      Temps:          0       0       0       0       0       0       0       0       0       0       0       0       0       0       0       0       0       0       0       0       0       0       0       0       0       0       0
      Totals:         0       0       0       0       0       0       0       0       0       0       0       0       0       0       0       0       0       0       0       0       0       0       0       0       0       0       0
Total ram usage:        0 bytes
 Hardware stack levels used:    1
 This function calls:
		Nothing
 This function is called by:
		_EUSART2_Initialize
		_EUSART2_Receive_ISR
 This function uses a non-reentrant model


 *************** function _EUSART2_DefaultErrorHandler *****************
 Defined at:
		line 262 in file "mcc_generated_files/eusart2.c"
 Parameters:    Size  Location     Type
		None
 Auto vars:     Size  Location     Type
		None
 Return value:  Size  Location     Type
                  1    wreg      void 
 Registers used:
		wreg, fsr1l, fsr1h, status,2, status,0, pclath, cstack
 Tracked objects:
		On entry : 
		On exit  : 
		Unchanged: 
 Data sizes:     COMMON   BANK0   BANK1   BANK2   BANK3   BANK4   BANK5   BANK6   BANK7   BANK8   BANK9  BANK10  BANK11  BANK12  BANK13  BANK14  BANK15  BANK16  BANK17  BANK18  BANK19  BANK20  BANK21  BANK22  BANK23  BANK24  BANK25
      Params:         0       0       0       0       0       0       0       0       0       0       0       0       0       0       0       0       0       0       0       0       0       0       0       0       0       0       0
      Locals:         0       0       0       0       0       0       0       0       0       0       0       0       0       0       0       0       0       0       0       0       0       0       0       0       0       0       0
      Temps:          0       0       0       0       0       0       0       0       0       0       0       0       0       0       0       0       0       0       0       0       0       0       0       0       0       0       0
      Totals:         0       0       0       0       0       0       0       0       0       0       0       0       0       0       0       0       0       0       0       0       0       0       0       0       0       0       0
Total ram usage:        0 bytes
 Hardware stack levels used:    1
 Hardware stack levels required when called:    3
 This function calls:
		_EUSART2_RxDataHandler
 This function is called by:
		_EUSART2_Initialize
		_EUSART2_Receive_ISR
 This function uses a non-reentrant model


 *************** function _EUSART2_RxDataHandler *****************
 Defined at:
		line 241 in file "mcc_generated_files/eusart2.c"
 Parameters:    Size  Location     Type
		None
 Auto vars:     Size  Location     Type
		None
 Return value:  Size  Location     Type
                  1    wreg      void 
 Registers used:
		wreg, fsr1l, fsr1h, status,2, status,0, pclath, cstack
 Tracked objects:
		On entry : 
		On exit  : 
		Unchanged: 
 Data sizes:     COMMON   BANK0   BANK1   BANK2   BANK3   BANK4   BANK5   BANK6   BANK7   BANK8   BANK9  BANK10  BANK11  BANK12  BANK13  BANK14  BANK15  BANK16  BANK17  BANK18  BANK19  BANK20  BANK21  BANK22  BANK23  BANK24  BANK25
      Params:         0       0       0       0       0       0       0       0       0       0       0       0       0       0       0       0       0       0       0       0       0       0       0       0       0       0       0
      Locals:         0       0       0       0       0       0       0       0       0       0       0       0       0       0       0       0       0       0       0       0       0       0       0       0       0       0       0
      Temps:          0       1       0       0       0       0       0       0       0       0       0       0       0       0       0       0       0       0       0       0       0       0       0       0       0       0       0
      Totals:         0       1       0       0       0       0       0       0       0       0       0       0       0       0       0       0       0       0       0       0       0       0       0       0       0       0       0
Total ram usage:        1 bytes
 Hardware stack levels used:    1
 Hardware stack levels required when called:    2
 This function calls:
		_uart_receive_buff_input
 This function is called by:
		_EUSART2_Receive_ISR
		_EUSART2_DefaultErrorHandler
 This function uses a non-reentrant model


 *************** function _uart_receive_buff_input *****************
 Defined at:
		line 636 in file "Tuya_sdk/mcu_api.c"
 Parameters:    Size  Location     Type
  value           1    wreg     PTR unsigned char 
		 -> eusart2RxBuffer(64), 
  data_len        2    8[COMMON] unsigned short 
 Auto vars:     Size  Location     Type
  value           1    0[BANK0 ] PTR unsigned char 
		 -> eusart2RxBuffer(64), 
  i               2    1[BANK0 ] unsigned short 
 Return value:  Size  Location     Type
                  1    wreg      void 
 Registers used:
		wreg, fsr1l, fsr1h, status,2, status,0, pclath, cstack
 Tracked objects:
		On entry : 
		On exit  : 
		Unchanged: 
 Data sizes:     COMMON   BANK0   BANK1   BANK2   BANK3   BANK4   BANK5   BANK6   BANK7   BANK8   BANK9  BANK10  BANK11  BANK12  BANK13  BANK14  BANK15  BANK16  BANK17  BANK18  BANK19  BANK20  BANK21  BANK22  BANK23  BANK24  BANK25
      Params:         2       0       0       0       0       0       0       0       0       0       0       0       0       0       0       0       0       0       0       0       0       0       0       0       0       0       0
      Locals:         0       3       0       0       0       0       0       0       0       0       0       0       0       0       0       0       0       0       0       0       0       0       0       0       0       0       0
      Temps:          1       0       0       0       0       0       0       0       0       0       0       0       0       0       0       0       0       0       0       0       0       0       0       0       0       0       0
      Totals:         3       3       0       0       0       0       0       0       0       0       0       0       0       0       0       0       0       0       0       0       0       0       0       0       0       0       0
Total ram usage:        6 bytes
 Hardware stack levels used:    1
 Hardware stack levels required when called:    1
 This function calls:
		_uart_receive_input
 This function is called by:
		_EUSART2_RxDataHandler
 This function uses a non-reentrant model


 *************** function _uart_receive_input *****************
 Defined at:
		line 611 in file "Tuya_sdk/mcu_api.c"
 Parameters:    Size  Location     Type
  value           1    wreg     unsigned char 
 Auto vars:     Size  Location     Type
  value           1    7[COMMON] unsigned char 
 Return value:  Size  Location     Type
                  1    wreg      void 
 Registers used:
		wreg, fsr1l, fsr1h, status,2, status,0
 Tracked objects:
		On entry : 
		On exit  : 
		Unchanged: 
 Data sizes:     COMMON   BANK0   BANK1   BANK2   BANK3   BANK4   BANK5   BANK6   BANK7   BANK8   BANK9  BANK10  BANK11  BANK12  BANK13  BANK14  BANK15  BANK16  BANK17  BANK18  BANK19  BANK20  BANK21  BANK22  BANK23  BANK24  BANK25
      Params:         0       0       0       0       0       0       0       0       0       0       0       0       0       0       0       0       0       0       0       0       0       0       0       0       0       0       0
      Locals:         1       0       0       0       0       0       0       0       0       0       0       0       0       0       0       0       0       0       0       0       0       0       0       0       0       0       0
      Temps:          7       0       0       0       0       0       0       0       0       0       0       0       0       0       0       0       0       0       0       0       0       0       0       0       0       0       0
      Totals:         8       0       0       0       0       0       0       0       0       0       0       0       0       0       0       0       0       0       0       0       0       0       0       0       0       0       0
Total ram usage:        8 bytes
 Hardware stack levels used:    1
 This function calls:
		Nothing
 This function is called by:
		_uart_receive_buff_input
 This function uses a non-reentrant model



MODULE INFORMATION

Module		Function		Class		Link	Load	Size
C:\Program Files (x86)\Microchip\xc8\v1.45\sources\common\float.c
		___ftpack      		CODE           	1ACD	0000	102

C:\Program Files (x86)\Microchip\xc8\v1.45\sources\common\float.c estimated size: 102

mcc_generated_files/eusart2.c
		_EUSART2_SetOverrunErrorHandler		CODE           	2FC0	0000	10
		_EUSART2_SetErrorHandler		CODE           	2FAE	0000	10
		_EUSART2_Write 		CODE           	233D	0000	42
		_EUSART2_Receive_ISR		CODE           	244D	0000	55
		_EUSART2_RxDataHandler		CODE           	2246	0000	33
		_EUSART2_DefaultOverrunErrorHandler		CODE           	2F77	0000	5
		_EUSART2_Transmit_ISR		CODE           	21AC	0000	31
		_EUSART2_DefaultFramingErrorHandler		CODE           	2F6C	0000	2
		_EUSART2_SetRxInterruptHandler		CODE           	2FC9	0000	10
		_EUSART2_SetTxInterruptHandler		CODE           	2FD2	0000	10
		_EUSART2_Initialize		CODE           	26E2	0000	71
		_EUSART2_DefaultErrorHandler		CODE           	2F6E	0000	4
		_EUSART2_SetFramingErrorHandler		CODE           	2FB7	0000	10

mcc_generated_files/eusart2.c estimated size: 293

C:\Program Files (x86)\Microchip\xc8\v1.45\sources\common\doprnt.c
		_printf        		CODE           	1E88	0000	185

C:\Program Files (x86)\Microchip\xc8\v1.45\sources\common\doprnt.c estimated size: 185

Tuya_sdk/mcu_api.c
		_byte_to_int   		CODE           	18CF	0000	78
		_wifi_protocol_init		CODE           	2088	0000	21
		_mcu_set_wifi_mode		CODE           	2315	0000	41
		_mcu_dp_bool_update		CODE           	1A6A	0000	100
		_mcu_get_wifi_work_state		CODE           	2F71	0000	4
		_uart_receive_input		CODE           	196A	0000	82
		_my_memcpy     		CODE           	0789	0000	120
		_my_strlen     		CODE           	25E1	0000	63
		_mcu_reset_wifi		CODE           	2021	0000	15
		_wifi_uart_service		CODE           	1525	0000	238
		_mcu_dp_value_update		CODE           	1F40	0000	193
		_mcu_get_dp_download_value		CODE           	18C0	0000	16
		_uart_receive_buff_input		CODE           	21CA	0000	32

Tuya_sdk/mcu_api.c estimated size: 1003

mcc_generated_files/interrupt_manager.c
		_INTERRUPT_InterruptManager		CODE           	0004	0000	40

mcc_generated_files/interrupt_manager.c estimated size: 40

C:\Program Files (x86)\Microchip\xc8\v1.45\sources\common\Umul16.c
		___wmul        		CODE           	2173	0000	29

C:\Program Files (x86)\Microchip\xc8\v1.45\sources\common\Umul16.c estimated size: 29

sht30/sht30.c
		_IIC_Stop      		CODE           	209C	0000	22
		_IIC_SendByte  		CODE           	22EF	0000	39
		_IIC_ACK       		CODE           	2109	0000	27
		_SHT30_read_result		CODE           	0D4F	0000	690
		_IIC_NACK      		CODE           	2123	0000	27
		_IIC_Start     		CODE           	202F	0000	18
		_IIC_wait_ACK  		CODE           	261F	0000	64
		_IIC_RcvByte   		CODE           	2366	0000	43

sht30/sht30.c estimated size: 930

mcc_generated_files/tmr0.c
		_TMR0_SetInterruptHandler		CODE           	2FDB	0000	10
		_TMR0_DefaultInterruptHandler		CODE           	2F6D	0000	2
		_TMR0_ISR      		CODE           	265E	0000	66
		_TMR0_Initialize		CODE           	2157	0000	29

mcc_generated_files/tmr0.c estimated size: 107

C:\Program Files (x86)\Microchip\xc8\v1.45\sources\common\ftge.c
		___ftge        		CODE           	252C	0000	61

C:\Program Files (x86)\Microchip\xc8\v1.45\sources\common\ftge.c estimated size: 61

mcc_generated_files/pin_manager.c
		_PIN_MANAGER_Initialize		CODE           	1B9A	0000	126

mcc_generated_files/pin_manager.c estimated size: 126

C:\Program Files (x86)\Microchip\xc8\v1.45\sources\common\lwmod.c
		___lwmod       		CODE           	23BB	0000	46

C:\Program Files (x86)\Microchip\xc8\v1.45\sources\common\lwmod.c estimated size: 46

C:\Program Files (x86)\Microchip\xc8\v1.45\sources\common\ftmul.c
		___ftmul       		CODE           	1DD4	0000	181

C:\Program Files (x86)\Microchip\xc8\v1.45\sources\common\ftmul.c estimated size: 181

C:\Program Files (x86)\Microchip\xc8\v1.45\sources\common\ftdiv.c
		___ftdiv       		CODE           	1D2B	0000	170

C:\Program Files (x86)\Microchip\xc8\v1.45\sources\common\ftdiv.c estimated size: 170

OLED/OLED.c
		_OLED_Clear    		CODE           	276F	0000	73
		_OLED_WR_Byte  		CODE           	20C6	0000	23
		_WriteCmd      		CODE           	21E9	0000	32
		_WriteDat      		CODE           	2208	0000	32
		_OLED_Init     		CODE           	065F	0000	299
		_OLED_DrawBMP  		CODE           	1B32	0000	105
		_OLED_Clear_ONE_ROW		CODE           	2568	0000	61
		_oled_pow      		CODE           	24B9	0000	58
		_OLED_SetPos   		CODE           	2483	0000	55
		_OLED_ShowNum  		CODE           	083D	0000	291
		_OLED_ShowStr  		CODE           	27B7	0000	74
		_OLED_ShowCHinese		CODE           	1C9E	0000	142
		_OLED_ShowChar 		CODE           	127B	0000	219

OLED/OLED.c estimated size: 1464

C:\Program Files (x86)\Microchip\xc8\v1.45\sources\common\llmod.c
		___llmod       		CODE           	269F	0000	68

C:\Program Files (x86)\Microchip\xc8\v1.45\sources\common\llmod.c estimated size: 68

C:\Program Files (x86)\Microchip\xc8\v1.45\sources\common\Umul32.c
		___lmul        		CODE           	23E8	0000	49

C:\Program Files (x86)\Microchip\xc8\v1.45\sources\common\Umul32.c estimated size: 49

shared
		_Hzk           		STRCODE        	1800	0000	193
		_dpowers       		STRCODE        	28F1	0000	11
		_F8X16         		STRCODE        	006F	0000	1521
		__initialization		CODE           	002D	0000	63
		_UI1           		STRCODE        	2848	0000	25
		_download_cmd  		STRCODE        	28B1	0000	15
		_UI2           		STRCODE        	2830	0000	25
		_UI3           		STRCODE        	2818	0000	25
		_UI4           		STRCODE        	2800	0000	25
		_UI5           		STRCODE        	0000	0000	0
		_F6x8          		STRCODE        	1000	0000	553

shared estimated size: 2456

mcc_generated_files/eusart1.c
		_EUSART1_Initialize		CODE           	22CA	0000	38
		_putch         		CODE           	2F81	0000	7
		_EUSART1_SetFramingErrorHandler		CODE           	2F9C	0000	10
		_EUSART1_SetOverrunErrorHandler		CODE           	2FA5	0000	10
		_EUSART1_SetErrorHandler		CODE           	2F93	0000	10
		_EUSART1_Write 		CODE           	2FF6	0000	11

mcc_generated_files/eusart1.c estimated size: 86

mcc_generated_files/mcc.c
		_PMD_Initialize		CODE           	200E	0000	9
		_OSCILLATOR_Initialize		CODE           	2016	0000	12
		_SYSTEM_Initialize		CODE           	2051	0000	19

mcc_generated_files/mcc.c estimated size: 40

C:\Program Files (x86)\Microchip\xc8\v1.45\sources\common\fttol.c
		___fttol       		CODE           	1C17	0000	136

C:\Program Files (x86)\Microchip\xc8\v1.45\sources\common\fttol.c estimated size: 136

Tuya_sdk/system.c
		_data_point_handle		CODE           	1A0D	0000	94
		_product_info_update		CODE           	1708	0000	249
		_take_byte_rxbuff		CODE           	2286	0000	33
		_with_data_rxbuff		CODE           	2FE4	0000	10
		_data_handle   		CODE           	1438	0000	238
		_get_dowmload_dpid_index		CODE           	22A6	0000	37
		_heat_beat_check		CODE           	25A4	0000	62
		_wifi_uart_write_frame		CODE           	191C	0000	79
		_wifi_uart_write_data		CODE           	2266	0000	33
		_get_check_sum 		CODE           	2227	0000	32
		_set_wifi_uart_buffer		CODE           	213D	0000	27
		_get_mcu_wifi_mode		CODE           	2040	0000	18
		_set_wifi_uart_byte		CODE           	2075	0000	20

Tuya_sdk/system.c estimated size: 932

C:\Program Files (x86)\Microchip\xc8\v1.45\sources\common\lwdiv.c
		___lwdiv       		CODE           	2418	0000	54

C:\Program Files (x86)\Microchip\xc8\v1.45\sources\common\lwdiv.c estimated size: 54

C:\Program Files (x86)\Microchip\xc8\v1.45\sources\common\awdiv.c
		___awdiv       		CODE           	19BB	0000	83

C:\Program Files (x86)\Microchip\xc8\v1.45\sources\common\awdiv.c estimated size: 83

C:\Program Files (x86)\Microchip\xc8\v1.45\sources\common\ftadd.c
		___ftadd       		CODE           	1612	0000	247

C:\Program Files (x86)\Microchip\xc8\v1.45\sources\common\ftadd.c estimated size: 247

C:\Program Files (x86)\Microchip\xc8\v1.45\sources\common\lldiv.c
		___lldiv       		CODE           	1228	0000	84

C:\Program Files (x86)\Microchip\xc8\v1.45\sources\common\lldiv.c estimated size: 84

C:\Program Files (x86)\Microchip\xc8\v1.45\sources\common\Umul8.c
		___bmul        		CODE           	2063	0000	19

C:\Program Files (x86)\Microchip\xc8\v1.45\sources\common\Umul8.c estimated size: 19

main.c
		_Show_Temp_Hum 		CODE           	20DC	0000	23
		_main          		CODE           	0800	0000	62
		_Reset_WIFI_SSID		CODE           	218F	0000	30
		_Menu_Loge     		CODE           	2390	0000	44

main.c estimated size: 159

C:\Program Files (x86)\Microchip\xc8\v1.45\sources\common\lwtoft.c
		___lwtoft      		CODE           	20B1	0000	22

C:\Program Files (x86)\Microchip\xc8\v1.45\sources\common\lwtoft.c estimated size: 22

Tuya_sdk/protocol.c
		_mcu_get_greentime		CODE           	0B11	0000	575
		_all_data_update		CODE           	2728	0000	72
		_dp_download_handle		CODE           	20F2	0000	24
		_mcu_write_rtctime		CODE           	095F	0000	435
		_uart_transmit_output		CODE           	2F7B	0000	7
		_get_wifi_status		CODE           	1355	0000	228
		_dp_download_temp_sampling_handle		CODE           	24F2	0000	59
		_get_download_cmd_total		CODE           	0002	0000	3
		_wifi_test_result		CODE           	2F74	0000	4

Tuya_sdk/protocol.c estimated size: 1407

